// Jest Snapshot v1, https://jestjs.io/docs/snapshot-testing

exports[`skill-hints.js opens a hint panel on click when hover is unavailable, then closes it 1`] = `
{
  "body": "<body xmlns="http://www.w3.org/1999/xhtml">
<a class="tag--link is-hinting" href="#linux" data-hint="A skill." aria-expanded="true">Linux</a>
<aside class="skill-hint" role="status" aria-live="polite"><div class="skill-hint__inner"><a class="skill-hint__title" target="_blank" rel="noopener noreferrer" href="http://localhost:8080/#linux">Linux</a><p class="skill-hint__body">A skill.</p></div><button type="button" class="skill-hint__close" aria-label="Dismiss skill hint"><svg xmlns="http://www.w3.org/2000/svg" width="14" height="14" viewBox="0 0 16 16" aria-hidden="true" focusable="false"><path fill="currentColor" d="M3.72 3.72a.75.75 0 0 1 1.06 0L8 6.94l3.22-3.22a.75.75 0 1 1 1.06 1.06L9.06 8l3.22 3.22a.75.75 0 1 1-1.06 1.06L8 9.06l-3.22 3.22a.75.75 0 0 1-1.06-1.06L6.94 8 3.72 4.78a.75.75 0 0 1 0-1.06z"/></svg><span class="visually-hidden">Close</span></button></aside></body>",
  "head": "<head xmlns="http://www.w3.org/1999/xhtml"></head>",
  "htmlClass": "",
}
`;

exports[`skill-hints.js opens a hint panel on click when hover is unavailable, then closes it 2`] = `
{
  "body": "<body xmlns="http://www.w3.org/1999/xhtml">
<a class="tag--link" href="#linux" data-hint="A skill.">Linux</a>
<aside class="skill-hint" role="status" aria-live="polite" hidden=""><div class="skill-hint__inner"><a class="skill-hint__title" target="_blank" rel="noopener noreferrer" href="http://localhost:8080/#linux">Linux</a><p class="skill-hint__body">A skill.</p></div><button type="button" class="skill-hint__close" aria-label="Dismiss skill hint"><svg xmlns="http://www.w3.org/2000/svg" width="14" height="14" viewBox="0 0 16 16" aria-hidden="true" focusable="false"><path fill="currentColor" d="M3.72 3.72a.75.75 0 0 1 1.06 0L8 6.94l3.22-3.22a.75.75 0 1 1 1.06 1.06L9.06 8l3.22 3.22a.75.75 0 1 1-1.06 1.06L8 9.06l-3.22 3.22a.75.75 0 0 1-1.06-1.06L6.94 8 3.72 4.78a.75.75 0 0 1 0-1.06z"/></svg><span class="visually-hidden">Close</span></button></aside></body>",
  "head": "<head xmlns="http://www.w3.org/1999/xhtml"></head>",
  "htmlClass": "",
}
`;
